| Controller.cs:13:43:13:52 | sampleData | ASP.NET MVC action method parameter |
| Controller.cs:13:62:13:66 | taint | ASP.NET MVC action method parameter |
| Controller.cs:18:43:18:52 | sampleData | ASP.NET MVC action method parameter |
| Controller.cs:18:62:18:66 | taint | ASP.NET MVC action method parameter |
| RemoteFlowSource.cs:39:17:39:23 | access to parameter request | ASP.NET query string |
| RemoteFlowSource.cs:40:17:40:23 | access to parameter textBox | ASP.NET user input |
| RemoteFlowSource.cs:43:44:43:53 | sampleData | web service input |
| RemoteFlowSource.cs:43:63:43:67 | taint | web service input |
| RemoteFlowSource.cs:49:17:49:23 | access to parameter request | ASP.NET query string |
| RemoteFlowSource.cs:54:17:54:23 | access to parameter request | ASP.NET query string |
| RemoteFlowSource.cs:54:17:54:42 | access to property RawUrl | ASP.NET unvalidated request data |
